\BOOKMARK [1][-]{section.1}{\376\377\000I\000n\000t\000r\000o\000d\000u\000c\000c\000i\000\363\000n}{}% 1
\BOOKMARK [2][-]{subsection.1.1}{\376\377\000O\000b\000j\000e\000t\000i\000v\000o\000\040\000p\000e\000d\000a\000g\000\363\000g\000i\000c\000o}{section.1}% 2
\BOOKMARK [2][-]{subsection.1.2}{\376\377\000T\000e\000c\000n\000o\000l\000o\000g\000\355\000a\000s\000\040\000e\000m\000p\000l\000e\000a\000d\000a\000s}{section.1}% 3
\BOOKMARK [1][-]{section.2}{\376\377\000A\000r\000q\000u\000i\000t\000e\000c\000t\000u\000r\000a\000\040\000d\000e\000l\000\040\000S\000i\000s\000t\000e\000m\000a}{}% 4
\BOOKMARK [2][-]{subsection.2.1}{\376\377\000D\000i\000a\000g\000r\000a\000m\000a\000\040\000d\000e\000\040\000a\000g\000e\000n\000t\000e\000s}{section.2}% 5
\BOOKMARK [2][-]{subsection.2.2}{\376\377\000D\000e\000s\000c\000r\000i\000p\000c\000i\000\363\000n\000\040\000d\000e\000\040\000l\000o\000s\000\040\000a\000g\000e\000n\000t\000e\000s}{section.2}% 6
\BOOKMARK [2][-]{subsection.2.3}{\376\377\000F\000l\000u\000j\000o\000\040\000c\000o\000m\000p\000l\000e\000t\000o\000\040\000d\000e\000\040\000u\000n\000\040\000c\000i\000c\000l\000o}{section.2}% 7
\BOOKMARK [1][-]{section.3}{\376\377\000M\000o\000t\000o\000r\000\040\000d\000e\000\040\000I\000n\000f\000e\000r\000e\000n\000c\000i\000a\000s}{}% 8
\BOOKMARK [2][-]{subsection.3.1}{\376\377\000A\000r\000q\000u\000i\000t\000e\000c\000t\000u\000r\000a\000\040\000d\000e\000l\000\040\000m\000o\000t\000o\000r}{section.3}% 9
\BOOKMARK [2][-]{subsection.3.2}{\376\377\000C\000a\000t\000\341\000l\000o\000g\000o\000\040\000d\000e\000\040\000r\000e\000g\000l\000a\000s}{section.3}% 10
\BOOKMARK [2][-]{subsection.3.3}{\376\377\000E\000s\000t\000r\000u\000c\000t\000u\000r\000a\000\040\000d\000e\000\040\000d\000a\000t\000o\000s\000\040\000I\000n\000f\000e\000r\000e\000n\000c\000i\000a}{section.3}% 11
\BOOKMARK [1][-]{section.4}{\376\377\000M\000o\000d\000e\000l\000o\000\040\000E\000c\000o\000n\000\363\000m\000i\000c\000o}{}% 12
\BOOKMARK [2][-]{subsection.4.1}{\376\377\000F\000\363\000r\000m\000u\000l\000a\000s\000\040\000p\000r\000i\000n\000c\000i\000p\000a\000l\000e\000s}{section.4}% 13
\BOOKMARK [3][-]{subsubsection.4.1.1}{\376\377\000D\000e\000m\000a\000n\000d\000a\000\040\000c\000o\000n\000\040\000e\000l\000a\000s\000t\000i\000c\000i\000d\000a\000d\000-\000p\000r\000e\000c\000i\000o}{subsection.4.1}% 14
\BOOKMARK [3][-]{subsubsection.4.1.2}{\376\377\000U\000n\000i\000d\000a\000d\000e\000s\000\040\000v\000e\000n\000d\000i\000d\000a\000s}{subsection.4.1}% 15
\BOOKMARK [3][-]{subsubsection.4.1.3}{\376\377\000M\000a\000r\000g\000e\000n\000\040\000d\000e\000\040\000c\000o\000n\000t\000r\000i\000b\000u\000c\000i\000\363\000n}{subsection.4.1}% 16
\BOOKMARK [3][-]{subsubsection.4.1.4}{\376\377\000P\000u\000n\000t\000o\000\040\000d\000e\000\040\000e\000q\000u\000i\000l\000i\000b\000r\000i\000o}{subsection.4.1}% 17
\BOOKMARK [3][-]{subsubsection.4.1.5}{\376\377\000F\000l\000u\000j\000o\000\040\000n\000e\000t\000o}{subsection.4.1}% 18
\BOOKMARK [3][-]{subsubsection.4.1.6}{\376\377\000C\000o\000s\000t\000o\000\040\000v\000a\000r\000i\000a\000b\000l\000e\000\040\000u\000n\000i\000t\000a\000r\000i\000o\000\040\000c\000o\000n\000\040\000m\000e\000r\000m\000a}{subsection.4.1}% 19
\BOOKMARK [2][-]{subsection.4.2}{\376\377\000P\000a\000r\000\341\000m\000e\000t\000r\000o\000s\000\040\000c\000a\000l\000i\000b\000r\000a\000d\000o\000s\000\040\000a\000\040\000G\000D\000L\000\040\000\050\000M\000X\000N\000\051}{section.4}% 20
\BOOKMARK [3][-]{subsubsection.4.2.1}{\376\377\000E\000j\000e\000m\000p\000l\000o\000:\000\040\000c\000o\000s\000t\000o\000s\000\040\000v\000a\000r\000i\000a\000b\000l\000e\000s\000\040\000c\000a\000l\000c\000u\000l\000a\000d\000o\000s}{subsection.4.2}% 21
\BOOKMARK [2][-]{subsection.4.3}{\376\377\000S\000i\000s\000t\000e\000m\000a\000\040\000d\000e\000\040\000z\000o\000n\000a\000s\000\040\040\024\000\040\000Z\000M\000G}{section.4}% 22
\BOOKMARK [3][-]{subsubsection.4.3.1}{\376\377\000A\000n\000\341\000l\000i\000s\000i\000s\000\040\000d\000e\000\040\000r\000e\000n\000t\000a\000b\000i\000l\000i\000d\000a\000d\000\040\000p\000o\000r\000\040\000z\000o\000n\000a}{subsection.4.3}% 23
\BOOKMARK [1][-]{section.5}{\376\377\000B\000a\000s\000e\000\040\000d\000e\000\040\000D\000a\000t\000o\000s}{}% 24
\BOOKMARK [2][-]{subsection.5.1}{\376\377\000D\000i\000a\000g\000r\000a\000m\000a\000\040\000e\000n\000t\000i\000d\000a\000d\000-\000r\000e\000l\000a\000c\000i\000\363\000n}{section.5}% 25
\BOOKMARK [2][-]{subsection.5.2}{\376\377\000D\000e\000s\000c\000r\000i\000p\000c\000i\000\363\000n\000\040\000d\000e\000\040\000t\000a\000b\000l\000a\000s}{section.5}% 26
\BOOKMARK [1][-]{section.6}{\376\377\000E\000v\000e\000n\000t\000o\000s\000\040\000M\000a\000c\000r\000o\000e\000c\000o\000n\000\363\000m\000i\000c\000o\000s}{}% 27
\BOOKMARK [1][-]{section.7}{\376\377\000S\000i\000s\000t\000e\000m\000a\000\040\000d\000e\000\040\000I\000n\000v\000e\000n\000t\000a\000r\000i\000o}{}% 28
\BOOKMARK [2][-]{subsection.7.1}{\376\377\000I\000n\000s\000u\000m\000o\000s\000\040\000d\000i\000s\000p\000o\000n\000i\000b\000l\000e\000s}{section.7}% 29
\BOOKMARK [2][-]{subsection.7.2}{\376\377\000F\000l\000u\000j\000o\000\040\000d\000e\000l\000\040\000i\000n\000v\000e\000n\000t\000a\000r\000i\000o}{section.7}% 30
\BOOKMARK [1][-]{section.8}{\376\377\000S\000i\000s\000t\000e\000m\000a\000\040\000d\000e\000\040\000M\000a\000r\000k\000e\000t\000i\000n\000g}{}% 31
\BOOKMARK [1][-]{section.9}{\376\377\000R\000e\000f\000e\000r\000e\000n\000c\000i\000a\000\040\000d\000e\000\040\000C\000o\000m\000a\000n\000d\000o\000s}{}% 32
\BOOKMARK [2][-]{subsection.9.1}{\376\377\000C\000o\000m\000p\000o\000n\000e\000n\000t\000e\000s\000\040\000i\000n\000t\000e\000r\000a\000c\000t\000i\000v\000o\000s\000\040\000\050\000b\000o\000t\000o\000n\000e\000s\000\040\000y\000\040\000s\000e\000l\000e\000c\000t\000o\000r\000e\000s\000\051}{section.9}% 33
\BOOKMARK [1][-]{section.10}{\376\377\000G\000u\000\355\000a\000\040\000d\000e\000\040\000I\000n\000i\000c\000i\000o\000\040\000R\000\341\000p\000i\000d\000o}{}% 34
\BOOKMARK [1][-]{section.11}{\376\377\000E\000j\000e\000m\000p\000l\000o\000\040\000d\000e\000\040\000S\000e\000s\000i\000\363\000n}{}% 35
\BOOKMARK [1][-]{section.12}{\376\377\000C\000o\000n\000s\000i\000d\000e\000r\000a\000c\000i\000o\000n\000e\000s\000\040\000T\000\351\000c\000n\000i\000c\000a\000s}{}% 36
\BOOKMARK [2][-]{subsection.12.1}{\376\377\000P\000e\000r\000s\000i\000s\000t\000e\000n\000c\000i\000a\000\040\000y\000\040\000t\000r\000a\000n\000s\000a\000c\000c\000i\000o\000n\000e\000s}{section.12}% 37
\BOOKMARK [2][-]{subsection.12.2}{\376\377\000P\000u\000r\000e\000z\000a\000\040\000d\000e\000l\000\040\000m\000o\000t\000o\000r\000\040\000d\000e\000\040\000r\000e\000g\000l\000a\000s}{section.12}% 38
\BOOKMARK [2][-]{subsection.12.3}{\376\377\000E\000s\000c\000a\000l\000a\000b\000i\000l\000i\000d\000a\000d\000\040\000d\000e\000l\000\040\000c\000a\000t\000\341\000l\000o\000g\000o\000\040\000d\000e\000\040\000r\000e\000g\000l\000a\000s}{section.12}% 39
\BOOKMARK [2][-]{subsection.12.4}{\376\377\000T\000e\000s\000t\000s\000\040\000s\000u\000g\000e\000r\000i\000d\000o\000s\000\040\000\050\000p\000y\000t\000e\000s\000t\000\051}{section.12}% 40
